src/components/MyBookings.tsx(189,56): error TS2322: Type '{ key: any; booking: any; index: any; onDelete: (id: number) => Promise<void>; deletingId: any; canDelete: true; }' is not assignable to type '{ booking: Booking; index: number; onDelete: (id: number) => Promise<void>; deletingId: number; canDelete: boolean; }'.
  Property 'key' does not exist on type '{ booking: Booking; index: number; onDelete: (id: number) => Promise<void>; deletingId: number; canDelete: boolean; }'.
src/components/MyBookings.tsx(197,54): error TS2322: Type '{ key: any; booking: any; index: any; onDelete: (id: number) => Promise<void>; deletingId: any; canDelete: false; }' is not assignable to type '{ booking: Booking; index: number; onDelete: (id: number) => Promise<void>; deletingId: number; canDelete: boolean; }'.
  Property 'key' does not exist on type '{ booking: Booking; index: number; onDelete: (id: number) => Promise<void>; deletingId: number; canDelete: boolean; }'.
